Traceback (most recent call last):
  File "/home/aya/velo-engage/.venv/bin/uvicorn", line 10, in <module>
    sys.exit(main())
             ^^^^^^
  File "/home/aya/velo-engage/.venv/lib/python3.11/site-packages/click/core.py", line 1569, in __call__
    return self.main(*args, **kwargs)
           ^^^^^^^^^^^^^^^^^^^^^^^^^^
  File "/home/aya/velo-engage/.venv/lib/python3.11/site-packages/click/core.py", line 1490, in main
    rv = self.invoke(ctx)
         ^^^^^^^^^^^^^^^^
  File "/home/aya/velo-engage/.venv/lib/python3.11/site-packages/click/core.py", line 1353, in invoke
    return ctx.invoke(self.callback, **ctx.params)
           ^^^^^^^^^^^^^^^^^^^^^^^^^^^^^^^^^^^^^^^
  File "/home/aya/velo-engage/.venv/lib/python3.11/site-packages/click/core.py", line 907, in invoke
    return callback(*args, **kwargs)
           ^^^^^^^^^^^^^^^^^^^^^^^^^
  File "/home/aya/velo-engage/.venv/lib/python3.11/site-packages/uvicorn/main.py", line 441, in main
    run(
  File "/home/aya/velo-engage/.venv/lib/python3.11/site-packages/uvicorn/main.py", line 609, in run
    config.load_app()
  File "/home/aya/velo-engage/.venv/lib/python3.11/site-packages/uvicorn/config.py", line 415, in load_app
    return import_from_string(self.app)
           ^^^^^^^^^^^^^^^^^^^^^^^^^^^^
  File "/home/aya/velo-engage/.venv/lib/python3.11/site-packages/uvicorn/importer.py", line 22, in import_from_string
    raise exc from None
  File "/home/aya/velo-engage/.venv/lib/python3.11/site-packages/uvicorn/importer.py", line 19, in import_from_string
    module = importlib.import_module(module_str)
             ^^^^^^^^^^^^^^^^^^^^^^^^^^^^^^^^^^^
  File "/home/aya/.local/share/uv/python/cpython-3.11.15-linux-x86_64-gnu/lib/python3.11/importlib/__init__.py", line 126, in import_module
    return _bootstrap._gcd_import(name[level:], package, level)
           ^^^^^^^^^^^^^^^^^^^^^^^^^^^^^^^^^^^^^^^^^^^^^^^^^^^^
  File "<frozen importlib._bootstrap>", line 1204, in _gcd_import
  File "<frozen importlib._bootstrap>", line 1176, in _find_and_load
  File "<frozen importlib._bootstrap>", line 1147, in _find_and_load_unlocked
  File "<frozen importlib._bootstrap>", line 690, in _load_unlocked
  File "<frozen importlib._bootstrap_external>", line 940, in exec_module
  File "<frozen importlib._bootstrap>", line 241, in _call_with_frames_removed
  File "/home/aya/velo-engage/services/ve_reach/src/ve_reach/main.py", line 34, in <module>
    from ml.registry.intent_scorer import classify
ModuleNotFoundError: No module named 'ml'
